<?xml version="1.0" encoding="UTF-8" standalone="yes"?><Batch><BatchID>11</BatchID><BatchClassName>TesseractInvoice</BatchClassName><BatchClassDesciption>invoice</BatchClassDesciption><BatchClassVersion>1</BatchClassVersion><BatchPriority>1</BatchPriority><BatchStatus>Ready</BatchStatus><Documents><Document><Id>1</Id><Type>Unknown</Type><Confidence>100.0</Confidence><ConfidenceThreshold>0.0</ConfidenceThreshold><isValidateData>false</isValidateData><Pages><Page><Id>0</Id><OldFileName>Group3.tif</OldFileName><NewFileName>11_Group3.tif</NewFileName><ThumbnailFileName>11_0_displayThumb.png</ThumbnailFileName><ComparisonThumbnailFileName>11_0_compareThumb.tif</ComparisonThumbnailFileName><DisplayFileName>11_0.png</DisplayFileName><OCRInputFileName>11_0.png</OCRInputFileName></Page><Page><Id>1</Id><OldFileName>Group4Compression.tif</OldFileName><NewFileName>11_Group4Compression.tif</NewFileName><ThumbnailFileName>11_1_displayThumb.png</ThumbnailFileName><ComparisonThumbnailFileName>11_1_compareThumb.tif</ComparisonThumbnailFileName><DisplayFileName>11_1.png</DisplayFileName><OCRInputFileName>11_1.png</OCRInputFileName></Page></Pages></Document></Documents></Batch>