<?xml version="1.0" encoding="UTF-8" standalone="yes"?><Batch><BatchID>1</BatchID><BatchClassName>invoice</BatchClassName><BatchClassDesciption>invoice batch</BatchClassDesciption><BatchPriority>1</BatchPriority><BatchStatus>Ready</BatchStatus><Documents><Document><Type>Unknown</Type><Confidence>100.0</Confidence><Pages><Page><Id>1</Id><OldFileName>1.tif</OldFileName><NewFileName>1.tif</NewFileName><PageLevelFields><PageLevelField><Name>Search_Engine_Classification</Name><Value>US-Invoice-Data_First_Page</Value><Type></Type><Confidence>100.0</Confidence><AlternateValues><AlternateValue><Name>Search_Engine_Classification</Name><Value>Application-Checklist_First_Page</Value><Type></Type><Confidence>12.93</Confidence></AlternateValue><AlternateValue><Name>Search_Engine_Classification</Name><Value>Application-Checklist_Middle_Page</Value><Type></Type><Confidence>7.08</Confidence></AlternateValue><AlternateValue><Name>Search_Engine_Classification</Name><Value>Application-Checklist_Last_Page</Value><Type></Type><Confidence>7.08</Confidence></AlternateValue><AlternateValue><Name>Search_Engine_Classification</Name><Value>Workers-Comp-02_First_Page</Value><Type></Type><Confidence>29.54</Confidence></AlternateValue><AlternateValue><Name>Search_Engine_Classification</Name><Value>Workers-Comp-02_Middle_Page</Value><Type></Type><Confidence>7.08</Confidence></AlternateValue><AlternateValue><Name>Search_Engine_Classification</Name><Value>Workers-Comp-02_Last_Page</Value><Type></Type><Confidence>7.08</Confidence></AlternateValue><AlternateValue><Name>Search_Engine_Classification</Name><Value>US-Invoice-Data_First_Page</Value><Type></Type><Confidence>100.0</Confidence></AlternateValue><AlternateValue><Name>Search_Engine_Classification</Name><Value>US-Invoice-Data_Middle_Page</Value><Type></Type><Confidence>0.0</Confidence></AlternateValue><AlternateValue><Name>Search_Engine_Classification</Name><Value>US-Invoice-Data_Last_Page</Value><Type></Type><Confidence>0.0</Confidence></AlternateValue></AlternateValues></PageLevelField></PageLevelFields><HocrFileName>1.html</HocrFileName></Page></Pages></Document></Documents></Batch>