<?xml version="1.0" encoding="UTF-8" standalone="yes"?><Batch><BatchID>13</BatchID><BatchClassName>TesseractInvoice</BatchClassName><BatchClassDesciption>invoice</BatchClassDesciption><BatchClassVersion>1</BatchClassVersion><BatchPriority>1</BatchPriority><BatchStatus>Ready</BatchStatus><Documents><Document><Id>1</Id><Type>Unknown</Type><Confidence>100</Confidence><Pages><Page><Id>0</Id><OldFileName>Group3.tif</OldFileName><NewFileName>13_Group3.tif</NewFileName><HocrFileName>13_Group3.html</HocrFileName><ThumbnailFileName>13_Group3_thumb.png</ThumbnailFileName><OCRInputFileName>13_Group3.png</OCRInputFileName></Page><Page><Id>1</Id><OldFileName>Group4Compression.tif</OldFileName><NewFileName>13_Group4Compression.tif</NewFileName><HocrFileName>13_Group4Compression.html</HocrFileName><ThumbnailFileName>13_Group4Compression_thumb.png</ThumbnailFileName><OCRInputFileName>13_Group4Compression.png</OCRInputFileName></Page></Pages></Document></Documents></Batch>