<?xml version="1.0" encoding="UTF-8" standalone="yes"?><Batch><BatchID>56</BatchID><BatchClassName>TesseractInvoice</BatchClassName><BatchClassDesciption>invoice</BatchClassDesciption><BatchClassVersion>1</BatchClassVersion><BatchPriority>1</BatchPriority><BatchStatus>Ready</BatchStatus><Documents><Document><Id>1</Id><Type>Unknown</Type><Confidence>100.0</Confidence><ConfidenceThreshold>0.0</ConfidenceThreshold><isValidateData>false</isValidateData><Pages><Page><Id>0</Id><OldFileName>10.tif</OldFileName><NewFileName>56_10.tif</NewFileName><PageLevelFields><PageLevelField><Name>Image_Compare_Classification</Name><Value>India_Invoice_First_Page</Value><Confidence>93.97</Confidence><AlternateValues><AlternateValue><Name>Image_Compare_Classification</Name><Value>India_Invoice_First_Page</Value><Confidence>93.97</Confidence></AlternateValue><AlternateValue><Name>Image_Compare_Classification</Name><Value>India_Invoice_Fourth_Page</Value><Confidence>90.68</Confidence></AlternateValue><AlternateValue><Name>Image_Compare_Classification</Name><Value>India_Invoice_Second_page</Value><Confidence>91.84</Confidence></AlternateValue><AlternateValue><Name>Image_Compare_Classification</Name><Value>India_Invoice_Third_Page</Value><Confidence>91.45</Confidence></AlternateValue><AlternateValue><Name>Image_Compare_Classification</Name><Value>US_Invoice_first_page</Value><Confidence>88.99</Confidence></AlternateValue><AlternateValue><Name>Image_Compare_Classification</Name><Value>US_Invoice_Fourth_Page</Value><Confidence>86.59</Confidence></AlternateValue><AlternateValue><Name>Image_Compare_Classification</Name><Value>US_Invoice_Second_page</Value><Confidence>90.41</Confidence></AlternateValue><AlternateValue><Name>Image_Compare_Classification</Name><Value>US_Invoice_Third_Page</Value><Confidence>89.41</Confidence></AlternateValue></AlternateValues></PageLevelField></PageLevelFields><ThumbnailFileName>56_10_thumb.png</ThumbnailFileName><ComparisonThumbnailFileName>56_10_thumb.png</ComparisonThumbnailFileName><OCRInputFileName>56_10.png</OCRInputFileName></Page></Pages></Document></Documents></Batch>