<?xml version="1.0" encoding="UTF-8" standalone="yes"?><Batch><BatchID>1</BatchID><BatchClassName>invoice</BatchClassName><BatchClassDesciption>invoice batch</BatchClassDesciption><BatchPriority>1</BatchPriority><BatchStatus>Ready</BatchStatus><Documents><Document><Type>Unknown</Type><Confidence>100</Confidence><Pages><Page><Id>1</Id><OldFileName>1.tif</OldFileName><NewFileName>1.tif</NewFileName><HocrFileName>1_1.html</HocrFileName></Page></Pages></Document></Documents></Batch>