<?xml version="1.0" encoding="UTF-8" standalone="yes"?><Batch><BatchID>28</BatchID><BatchClassName>TesseractInvoice</BatchClassName><BatchClassDesciption>invoice</BatchClassDesciption><BatchClassVersion>1</BatchClassVersion><BatchPriority>1</BatchPriority><BatchStatus>Ready</BatchStatus><Documents><Document><Id>2</Id><Type>US Invoice</Type><Confidence>100.0</Confidence><ConfidenceThreshold>0.0</ConfidenceThreshold><isValidateData>true</isValidateData><DocumentLevelFields><DocumentLevelField><Name>InvoiceDate</Name><Type>DATE</Type><Confidence>0.0</Confidence></DocumentLevelField><DocumentLevelField><Name>PartNumber</Name><Type>LONG</Type><Confidence>0.0</Confidence></DocumentLevelField><DocumentLevelField><Name>InvoiceTotal</Name><Type>DOUBLE</Type><Confidence>0.0</Confidence></DocumentLevelField><DocumentLevelField><Name>State</Name><Value>NV</Value><Type>STRING</Type><Confidence>100.0</Confidence><Page>0</Page><AlternateValues><AlternateValue><Name>State</Name><Value>CA</Value><Type>STRING</Type><Confidence>100.0</Confidence><Page>1</Page></AlternateValue><AlternateValue><Name>State</Name><Value>CA</Value><Type>STRING</Type><Confidence>100.0</Confidence><Page>2</Page></AlternateValue><AlternateValue><Name>State</Name><Value>CA</Value><Type>STRING</Type><Confidence>100.0</Confidence><Page>3</Page></AlternateValue></AlternateValues></DocumentLevelField><DocumentLevelField><Name>City</Name><Type>STRING</Type><Confidence>0.0</Confidence></DocumentLevelField></DocumentLevelFields><Pages><Page><Id>0</Id><OldFileName>AA-US-Invoice.tif</OldFileName><NewFileName>28_AA-US-Invoice.tif</NewFileName><PageLevelFields><PageLevelField><Name>Image_Compare_Classification</Name><Value>US-Invoice-Data_First_Page</Value><Confidence>100.0</Confidence><AlternateValues><AlternateValue><Name>Image_Compare_Classification</Name><Value>Workers-Comp-02_Middle_Page</Value><Confidence>79.0</Confidence></AlternateValue><AlternateValue><Name>Image_Compare_Classification</Name><Value>Application-Checklist_Last_Page</Value><Confidence>76.0</Confidence></AlternateValue><AlternateValue><Name>Image_Compare_Classification</Name><Value>Application-Checklist_Middle_Page</Value><Confidence>72.0</Confidence></AlternateValue><AlternateValue><Name>Image_Compare_Classification</Name><Value>Application-Checklist_First_Page</Value><Confidence>71.0</Confidence></AlternateValue><AlternateValue><Name>Image_Compare_Classification</Name><Value>Workers-Comp-02_First_Page</Value><Confidence>68.0</Confidence></AlternateValue></AlternateValues></PageLevelField><PageLevelField><Name>Barcode_1</Name><Value>US Invoice</Value><Type>QR</Type><Confidence>100.0</Confidence><Coordinates><x0>403</x0><y0>1466</y0><x1>404</x1><y1>1276</y1></Coordinates></PageLevelField><PageLevelField><Name>Search_Engine_Classification</Name><Value>US-Invoice-Data_First_Page</Value><Confidence>100.0</Confidence><AlternateValues><AlternateValue><Name>Search_Engine_Classification</Name><Value>Workers-Comp-02_First_Page</Value><Type></Type><Confidence>1.0</Confidence></AlternateValue><AlternateValue><Name>Search_Engine_Classification</Name><Value>Workers-Comp-02_Middle_Page</Value><Type></Type><Confidence>1.0</Confidence></AlternateValue></AlternateValues></PageLevelField></PageLevelFields><HocrFileName>28_AA-US-Invoice.html</HocrFileName><ThumbnailFileName>28_AA-US-Invoice_thumb.tif</ThumbnailFileName><OCRInputFileName>28_AA-US-Invoice.png</OCRInputFileName></Page><Page><Id>1</Id><OldFileName>Application-Checklist_000.tif</OldFileName><NewFileName>28_Application-Checklist_000.tif</NewFileName><PageLevelFields><PageLevelField><Name>Image_Compare_Classification</Name><Value>Application-Checklist_First_Page</Value><Confidence>100.0</Confidence><AlternateValues><AlternateValue><Name>Image_Compare_Classification</Name><Value>Workers-Comp-02_Middle_Page</Value><Confidence>78.0</Confidence></AlternateValue><AlternateValue><Name>Image_Compare_Classification</Name><Value>Application-Checklist_Last_Page</Value><Confidence>76.0</Confidence></AlternateValue><AlternateValue><Name>Image_Compare_Classification</Name><Value>Application-Checklist_Middle_Page</Value><Confidence>71.0</Confidence></AlternateValue><AlternateValue><Name>Image_Compare_Classification</Name><Value>Workers-Comp-02_First_Page</Value><Confidence>68.0</Confidence></AlternateValue><AlternateValue><Name>Image_Compare_Classification</Name><Value>US-Invoice-Data_First_Page</Value><Confidence>0.0</Confidence></AlternateValue></AlternateValues></PageLevelField><PageLevelField><Name>Barcode_1</Name><Value></Value><Type></Type><Confidence>0.0</Confidence><Coordinates><x0>0</x0><y0>0</y0><x1>0</x1><y1>0</y1></Coordinates></PageLevelField><PageLevelField><Name>Search_Engine_Classification</Name><Value>Application-Checklist_First_Page</Value><Confidence>100.0</Confidence><AlternateValues><AlternateValue><Name>Search_Engine_Classification</Name><Value>Workers-Comp-02_Middle_Page</Value><Type></Type><Confidence>7.0</Confidence></AlternateValue><AlternateValue><Name>Search_Engine_Classification</Name><Value>Application-Checklist_Middle_Page</Value><Type></Type><Confidence>6.0</Confidence></AlternateValue><AlternateValue><Name>Search_Engine_Classification</Name><Value>Workers-Comp-02_First_Page</Value><Type></Type><Confidence>5.0</Confidence></AlternateValue></AlternateValues></PageLevelField></PageLevelFields><HocrFileName>28_Application-Checklist_000.html</HocrFileName><ThumbnailFileName>28_Application-Checklist_000_thumb.tif
					</ThumbnailFileName><OCRInputFileName>28_Application-Checklist_000.png
					</OCRInputFileName></Page><Page><Id>2</Id><OldFileName>Application-Checklist_001.tif</OldFileName><NewFileName>28_Application-Checklist_001.tif</NewFileName><PageLevelFields><PageLevelField><Name>Image_Compare_Classification</Name><Value>Application-Checklist_Middle_Page</Value><Confidence>100.0</Confidence><AlternateValues><AlternateValue><Name>Image_Compare_Classification</Name><Value>Workers-Comp-02_Middle_Page</Value><Confidence>79.0</Confidence></AlternateValue><AlternateValue><Name>Image_Compare_Classification</Name><Value>Application-Checklist_Last_Page</Value><Confidence>76.0</Confidence></AlternateValue><AlternateValue><Name>Image_Compare_Classification</Name><Value>Application-Checklist_First_Page</Value><Confidence>71.0</Confidence></AlternateValue><AlternateValue><Name>Image_Compare_Classification</Name><Value>Workers-Comp-02_First_Page</Value><Confidence>68.0</Confidence></AlternateValue><AlternateValue><Name>Image_Compare_Classification</Name><Value>US-Invoice-Data_First_Page</Value><Confidence>0.0</Confidence></AlternateValue></AlternateValues></PageLevelField><PageLevelField><Name>Barcode_1</Name><Value></Value><Type></Type><Confidence>0.0</Confidence><Coordinates><x0>0</x0><y0>0</y0><x1>0</x1><y1>0</y1></Coordinates></PageLevelField><PageLevelField><Name>Search_Engine_Classification</Name><Value>Application-Checklist_Middle_Page</Value><Confidence>100.0</Confidence><AlternateValues><AlternateValue><Name>Search_Engine_Classification</Name><Value>Workers-Comp-02_Middle_Page</Value><Type></Type><Confidence>92.0</Confidence></AlternateValue></AlternateValues></PageLevelField></PageLevelFields><HocrFileName>28_Application-Checklist_001.html</HocrFileName><ThumbnailFileName>28_Application-Checklist_001_thumb.tif
					</ThumbnailFileName><OCRInputFileName>28_Application-Checklist_001.png
					</OCRInputFileName></Page><Page><Id>3</Id><OldFileName>Application-Checklist_003.tif</OldFileName><NewFileName>28_Application-Checklist_003.tif</NewFileName><PageLevelFields><PageLevelField><Name>Image_Compare_Classification</Name><Value>Application-Checklist_Last_Page</Value><Confidence>100.0</Confidence><AlternateValues><AlternateValue><Name>Image_Compare_Classification</Name><Value>Workers-Comp-02_Middle_Page</Value><Confidence>87.0</Confidence></AlternateValue><AlternateValue><Name>Image_Compare_Classification</Name><Value>Application-Checklist_Middle_Page</Value><Confidence>76.0</Confidence></AlternateValue><AlternateValue><Name>Image_Compare_Classification</Name><Value>Application-Checklist_First_Page</Value><Confidence>76.0</Confidence></AlternateValue><AlternateValue><Name>Image_Compare_Classification</Name><Value>Workers-Comp-02_First_Page</Value><Confidence>72.0</Confidence></AlternateValue><AlternateValue><Name>Image_Compare_Classification</Name><Value>US-Invoice-Data_First_Page</Value><Confidence>0.0</Confidence></AlternateValue></AlternateValues></PageLevelField><PageLevelField><Name>Barcode_1</Name><Value></Value><Type></Type><Confidence>0.0</Confidence><Coordinates><x0>0</x0><y0>0</y0><x1>0</x1><y1>0</y1></Coordinates></PageLevelField><PageLevelField><Name>Search_Engine_Classification</Name><Value>Application-Checklist_Last_Page</Value><Confidence>100.0</Confidence><AlternateValues><AlternateValue><Name>Search_Engine_Classification</Name><Value>Workers-Comp-02_Middle_Page</Value><Type></Type><Confidence>19.0</Confidence></AlternateValue><AlternateValue><Name>Search_Engine_Classification</Name><Value>Workers-Comp-02_First_Page</Value><Type></Type><Confidence>19.0</Confidence></AlternateValue><AlternateValue><Name>Search_Engine_Classification</Name><Value>Application-Checklist_Middle_Page</Value><Type></Type><Confidence>15.0</Confidence></AlternateValue></AlternateValues></PageLevelField></PageLevelFields><HocrFileName>28_Application-Checklist_003.html</HocrFileName><ThumbnailFileName>28_Application-Checklist_003_thumb.tif
					</ThumbnailFileName><OCRInputFileName>28_Application-Checklist_003.png
					</OCRInputFileName></Page></Pages></Document><Document><Id>3</Id><Type>US Invoice</Type><Confidence>100.0</Confidence><ConfidenceThreshold>0.0</ConfidenceThreshold><isValidateData>true</isValidateData><DocumentLevelFields><DocumentLevelField><Name>InvoiceDate</Name><Type>DATE</Type><Confidence>0.0</Confidence></DocumentLevelField><DocumentLevelField><Name>PartNumber</Name><Type>LONG</Type><Confidence>0.0</Confidence></DocumentLevelField><DocumentLevelField><Name>InvoiceTotal</Name><Type>DOUBLE</Type><Confidence>0.0</Confidence></DocumentLevelField><DocumentLevelField><Name>State</Name><Value>NV</Value><Type>STRING</Type><Confidence>100.0</Confidence><Page>4</Page></DocumentLevelField><DocumentLevelField><Name>City</Name><Type>STRING</Type><Confidence>0.0</Confidence></DocumentLevelField></DocumentLevelFields><Pages><Page><Id>4</Id><OldFileName>DD-US-Invoice.tif</OldFileName><NewFileName>28_DD-US-Invoice.tif</NewFileName><PageLevelFields><PageLevelField><Name>Image_Compare_Classification</Name><Value>US-Invoice-Data_First_Page</Value><Confidence>100.0</Confidence><AlternateValues><AlternateValue><Name>Image_Compare_Classification</Name><Value>Workers-Comp-02_Middle_Page</Value><Confidence>79.0</Confidence></AlternateValue><AlternateValue><Name>Image_Compare_Classification</Name><Value>Application-Checklist_Last_Page</Value><Confidence>76.0</Confidence></AlternateValue><AlternateValue><Name>Image_Compare_Classification</Name><Value>Application-Checklist_Middle_Page</Value><Confidence>72.0</Confidence></AlternateValue><AlternateValue><Name>Image_Compare_Classification</Name><Value>Application-Checklist_First_Page</Value><Confidence>71.0</Confidence></AlternateValue><AlternateValue><Name>Image_Compare_Classification</Name><Value>Workers-Comp-02_First_Page</Value><Confidence>68.0</Confidence></AlternateValue></AlternateValues></PageLevelField><PageLevelField><Name>Barcode_1</Name><Value>US Invoice</Value><Type>QR</Type><Confidence>100.0</Confidence><Coordinates><x0>403</x0><y0>1466</y0><x1>404</x1><y1>1276</y1></Coordinates></PageLevelField><PageLevelField><Name>Search_Engine_Classification</Name><Value>US-Invoice-Data_First_Page</Value><Confidence>100.0</Confidence><AlternateValues><AlternateValue><Name>Search_Engine_Classification</Name><Value>Workers-Comp-02_First_Page</Value><Type></Type><Confidence>1.0</Confidence></AlternateValue><AlternateValue><Name>Search_Engine_Classification</Name><Value>Workers-Comp-02_Middle_Page</Value><Type></Type><Confidence>1.0</Confidence></AlternateValue></AlternateValues></PageLevelField></PageLevelFields><HocrFileName>28_DD-US-Invoice.html</HocrFileName><ThumbnailFileName>28_DD-US-Invoice_thumb.tif</ThumbnailFileName><OCRInputFileName>28_DD-US-Invoice.png</OCRInputFileName></Page><Page><Id>5</Id><OldFileName>Workers-Comp-02_000.tif</OldFileName><NewFileName>28_Workers-Comp-02_000.tif</NewFileName><PageLevelFields><PageLevelField><Name>Image_Compare_Classification</Name><Value>Workers-Comp-02_First_Page</Value><Confidence>100.0</Confidence><AlternateValues><AlternateValue><Name>Image_Compare_Classification</Name><Value>Workers-Comp-02_Middle_Page</Value><Confidence>74.0</Confidence></AlternateValue><AlternateValue><Name>Image_Compare_Classification</Name><Value>Application-Checklist_Last_Page</Value><Confidence>72.0</Confidence></AlternateValue><AlternateValue><Name>Image_Compare_Classification</Name><Value>Application-Checklist_Middle_Page</Value><Confidence>68.0</Confidence></AlternateValue><AlternateValue><Name>Image_Compare_Classification</Name><Value>Application-Checklist_First_Page</Value><Confidence>68.0</Confidence></AlternateValue><AlternateValue><Name>Image_Compare_Classification</Name><Value>US-Invoice-Data_First_Page</Value><Confidence>0.0</Confidence></AlternateValue></AlternateValues></PageLevelField><PageLevelField><Name>Barcode_1</Name><Value></Value><Type></Type><Confidence>0.0</Confidence><Coordinates><x0>0</x0><y0>0</y0><x1>0</x1><y1>0</y1></Coordinates></PageLevelField><PageLevelField><Name>Search_Engine_Classification</Name><Value>Workers-Comp-02_First_Page</Value><Confidence>100.0</Confidence><AlternateValues><AlternateValue><Name>Search_Engine_Classification</Name><Value>Workers-Comp-02_Middle_Page</Value><Type></Type><Confidence>16.0</Confidence></AlternateValue></AlternateValues></PageLevelField></PageLevelFields><HocrFileName>28_Workers-Comp-02_000.html</HocrFileName><ThumbnailFileName>28_Workers-Comp-02_000_thumb.tif
					</ThumbnailFileName><OCRInputFileName>28_Workers-Comp-02_000.png</OCRInputFileName></Page><Page><Id>6</Id><OldFileName>Workers-Comp-02_001.tif</OldFileName><NewFileName>28_Workers-Comp-02_001.tif</NewFileName><PageLevelFields><PageLevelField><Name>Image_Compare_Classification</Name><Value>Workers-Comp-02_Middle_Page</Value><Confidence>100.0</Confidence><AlternateValues><AlternateValue><Name>Image_Compare_Classification</Name><Value>Application-Checklist_Last_Page</Value><Confidence>69.0</Confidence></AlternateValue><AlternateValue><Name>Image_Compare_Classification</Name><Value>Application-Checklist_First_Page</Value><Confidence>67.0</Confidence></AlternateValue><AlternateValue><Name>Image_Compare_Classification</Name><Value>Application-Checklist_Middle_Page</Value><Confidence>67.0</Confidence></AlternateValue><AlternateValue><Name>Image_Compare_Classification</Name><Value>Workers-Comp-02_First_Page</Value><Confidence>67.0</Confidence></AlternateValue><AlternateValue><Name>Image_Compare_Classification</Name><Value>US-Invoice-Data_First_Page</Value><Confidence>0.0</Confidence></AlternateValue></AlternateValues></PageLevelField><PageLevelField><Name>Barcode_1</Name><Value></Value><Type></Type><Confidence>0.0</Confidence><Coordinates><x0>0</x0><y0>0</y0><x1>0</x1><y1>0</y1></Coordinates></PageLevelField><PageLevelField><Name>Search_Engine_Classification</Name><Value>Workers-Comp-02_Middle_Page</Value><Confidence>100.0</Confidence></PageLevelField></PageLevelFields><HocrFileName>28_Workers-Comp-02_001.html</HocrFileName><ThumbnailFileName>28_Workers-Comp-02_001_thumb.tif
					</ThumbnailFileName><OCRInputFileName>28_Workers-Comp-02_001.png</OCRInputFileName></Page><Page><Id>7</Id><OldFileName>Workers-Comp-02_011.tif</OldFileName><NewFileName>28_Workers-Comp-02_011.tif</NewFileName><PageLevelFields><PageLevelField><Name>Image_Compare_Classification</Name><Value>Workers-Comp-02_Last_Page</Value><Confidence>100.0</Confidence><AlternateValues><AlternateValue><Name>Image_Compare_Classification</Name><Value>Workers-Comp-02_Middle_Page</Value><Confidence>76.0</Confidence></AlternateValue><AlternateValue><Name>Image_Compare_Classification</Name><Value>Application-Checklist_Last_Page</Value><Confidence>75.0</Confidence></AlternateValue><AlternateValue><Name>Image_Compare_Classification</Name><Value>US-Invoice-Data_First_Page</Value><Confidence>73.0</Confidence></AlternateValue><AlternateValue><Name>Image_Compare_Classification</Name><Value>Application-Checklist_Middle_Page</Value><Confidence>72.0</Confidence></AlternateValue><AlternateValue><Name>Image_Compare_Classification</Name><Value>Application-Checklist_First_Page</Value><Confidence>72.0</Confidence></AlternateValue></AlternateValues></PageLevelField><PageLevelField><Name>Barcode_1</Name><Value></Value><Type></Type><Confidence>0.0</Confidence><Coordinates><x0>0</x0><y0>0</y0><x1>0</x1><y1>0</y1></Coordinates></PageLevelField><PageLevelField><Name>Search_Engine_Classification</Name><Value>Workers-Comp-02_Last_Page</Value><Confidence>100.0</Confidence><AlternateValues><AlternateValue><Name>Search_Engine_Classification</Name><Value>Workers-Comp-02_Middle_Page</Value><Type></Type><Confidence>67.0</Confidence></AlternateValue></AlternateValues></PageLevelField></PageLevelFields><HocrFileName>28_Workers-Comp-02_011.html</HocrFileName><ThumbnailFileName>28_Workers-Comp-02_011_thumb.tif
					</ThumbnailFileName><OCRInputFileName>28_Workers-Comp-02_011.png</OCRInputFileName></Page></Pages></Document></Documents></Batch>